==============================================================================
=== STARTING LESSON 15: RGB++ Protocol Isomorphic Binding Simulation ===
==============================================================================
[START] Step 1: Constructing Virtual CKB Transaction...
[INFO] Virtual CKB Transaction assembled.
  Inputs:  Consuming CKB cell locked under RgbppLock
           Bound to BTC UTXO:   0xe3b0c44298fc1c149afbf4c8996fb92427ae41e4649b934ca495991b7852b855 (Index: 0)
  Outputs: Sending 256 RGB++ custom tokens to receiver.

[START] Step 2: Calculating Virtual CKB Transaction Commitment...
[MATH] Double-SHA256 Commitment Formula:
       Commitment = SHA256(SHA256(Virtual_CKB_Tx_Data))
[OUTPUT] Computed CKB Commitment Hash: 0x5fc6a23014987e6dfa5623c3db1d863ef9f6e98ba213ef240bedd71ac28d0416

[START] Step 3: Constructing Isomorphic Bitcoin Transaction...
[INFO] Mock Bitcoin Transaction created.
  Inputs:  Consuming the bound Bitcoin UTXO.
           Spent UTXO:          0xe3b0c44298fc1c149afbf4c8996fb92427ae41e4649b934ca495991b7852b855 (Index: 0)
  Outputs: Output 0: Payment Change
           Output 1: OP_RETURN Commitment: OP_RETURN 0x5fc6a23014987e6dfa5623c3db1d863ef9f6e98ba213ef240bedd71ac28d0416

[START] Step 4: Simulating RgbppLock Validation on CKB-VM...
[INFO] CKB-VM loading input lock arguments: 0xe3b0c44298fc1c149afbf4c8996fb92427ae41e4649b934ca495991b7852b85500000000
[INFO] Parsed bound Bitcoin UTXO reference:
       Txid:  0xe3b0c44298fc1c149afbf4c8996fb92427ae41e4649b934ca495991b7852b855
       Index: 0

[INFO] Running verification checks:
       Check 1: Does BTC transaction spend the bound UTXO?      ➔ PASSED
       Check 2: Does BTC transaction contain OP_RETURN hash?  ➔ PASSED

==============================================================================
[SUCCESS] Isomorphic Binding Verification: PASSED (Exit code: 0)
          Virtual CKB state transfer is legally bound to the Bitcoin transaction.
==============================================================================
